This is pdfTeX, Version 3.141592653-2.6-1.40.24 (TeX Live 2022) (preloaded format=pdflatex 2022.6.7)  22 JAN 2026 13:55
entering extended mode
 restricted \write18 enabled.
 %&-line parsing enabled.
**manual
(./manual.tex
LaTeX2e <2021-11-15> patch level 1
L3 programming layer <2022-02-24>
(/usr/local/texlive/2022/texmf-dist/tex/latex/base/article.cls
Document Class: article 2021/10/04 v1.4n Standard LaTeX document class
(/usr/local/texlive/2022/texmf-dist/tex/latex/base/size12.clo
File: size12.clo 2021/10/04 v1.4n Standard LaTeX file (size option)
)
\c@part=\count185
\c@section=\count186
\c@subsection=\count187
\c@subsubsection=\count188
\c@paragraph=\count189
\c@subparagraph=\count190
\c@figure=\count191
\c@table=\count192
\abovecaptionskip=\skip47
\belowcaptionskip=\skip48
\bibindent=\dimen138
)
(/usr/local/texlive/2022/texmf-dist/tex/latex/l3backend/l3backend-pdftex.def
File: l3backend-pdftex.def 2022-02-07 L3 backend support: PDF output (pdfTeX)
\l__color_backend_stack_int=\count193
\l__pdf_internal_box=\box50
)
(./manual.aux)
\openout1 = `manual.aux'.

LaTeX Font Info:    Checking defaults for OML/cmm/m/it on input line 112.
LaTeX Font Info:    ... okay on input line 112.
LaTeX Font Info:    Checking defaults for OMS/cmsy/m/n on input line 112.
LaTeX Font Info:    ... okay on input line 112.
LaTeX Font Info:    Checking defaults for OT1/cmr/m/n on input line 112.
LaTeX Font Info:    ... okay on input line 112.
LaTeX Font Info:    Checking defaults for T1/cmr/m/n on input line 112.
LaTeX Font Info:    ... okay on input line 112.
LaTeX Font Info:    Checking defaults for TS1/cmr/m/n on input line 112.
LaTeX Font Info:    ... okay on input line 112.
LaTeX Font Info:    Checking defaults for OMX/cmex/m/n on input line 112.
LaTeX Font Info:    ... okay on input line 112.
LaTeX Font Info:    Checking defaults for U/cmr/m/n on input line 112.
LaTeX Font Info:    ... okay on input line 112.
LaTeX Font Info:    External font `cmex10' loaded for size
(Font)              <14.4> on input line 121.
LaTeX Font Info:    External font `cmex10' loaded for size
(Font)              <7> on input line 121.
LaTeX Font Info:    External font `cmex10' loaded for size
(Font)              <12> on input line 157.
LaTeX Font Info:    External font `cmex10' loaded for size
(Font)              <8> on input line 157.
LaTeX Font Info:    External font `cmex10' loaded for size
(Font)              <6> on input line 157.
 [1

{/usr/local/texlive/2022/texmf-var/fonts/map/pdftex/updmap/pdftex.map}]
Underfull \hbox (badness 10000) in paragraph at lines 185--191

 []


Overfull \hbox (32.02371pt too wide) in paragraph at lines 225--225
[]\OT1/cmtt/m/n/10.95 typedef OLattice<PScalar<PColorMatrix<RComplex<float>, Nc
> > > LatticeColorMatrix[] 
 []


Overfull \hbox (49.26978pt too wide) in paragraph at lines 225--225
[]\OT1/cmtt/m/n/10.95 typedef OLattice<PSpinVector<PColorVector<RComplex<float>
, Nc>, Ns> > LatticeFermion[] 
 []

[2] [3] [4] [5] [6] [7]
Overfull \hbox (94.52628pt too wide) in paragraph at lines 681--683
\OT1/cmr/m/n/12 The lin-ear in-dex re-turned by [][]\OT1/cmtt/m/n/12 Layout::li
nearSiteIndex() []\OT1/cmr/m/n/12 ranges from 0 to [][]\OT1/cmtt/m/n/12 Layout:
sitesOnNode()$\OMS/cmsy/m/n/12 ^^@\OT1/cmr/m/n/12 1$[]. 
 []

[8]
Overfull \hbox (32.02371pt too wide) in paragraph at lines 716--716
[]\OT1/cmtt/m/n/10.95 typedef OLattice<PScalar<PColorMatrix<RComplex<float>, Nc
> > > LatticeColorMatrix[] 
 []


Overfull \hbox (49.26978pt too wide) in paragraph at lines 716--716
[]\OT1/cmtt/m/n/10.95 typedef OLattice<PSpinVector<PColorVector<RComplex<float>
, Nc>, Ns> > LatticeFermion[] 
 []

[9] [10]
Overfull \hbox (48.03024pt too wide) in paragraph at lines 895--895
[]\OT1/cmtt/m/n/12 multi2d<Real> foo(2,3);        // a 2-D array of Real with f
irst index slowest[] 
 []

[11] [12]
Overfull \hbox (21.8029pt too wide) in paragraph at lines 972--990
[]  
 []

[13]
Underfull \hbox (badness 10000) in paragraph at lines 1097--1100
[][]\OT1/cmtt/m/n/12 multi1d<int> operator()(const multi1d<int>& d)
 []


Overfull \hbox (1.14516pt too wide) in paragraph at lines 1101--1103
[][]\OT1/cmtt/m/n/12 template<class T> T Map::operator()(const T& a)| 
 []

[14] [15] [16] [17]
Overfull \hbox (3.28027pt too wide) in paragraph at lines 1351--1351
[]\OT1/cmtt/m/n/10.95 QDPIO::cout << "QDP is GREAT: x = " << x << std::endl; //
 one copy on output[] 
 []


Overfull \hbox (1.24051pt too wide) in paragraph at lines 1364--1379
[]  
 []

[18]
Overfull \hbox (8.01134pt too wide) in paragraph at lines 1384--1399
[]  
 []

[19]
Overfull \hbox (4.80522pt too wide) in paragraph at lines 1492--1492
[]  \OT1/cmtt/m/n/12 read(xml_in, "/bar/d", d);  // calls read(XMLReader, strin
g, Complex)[] 
 []

[20]
Overfull \hbox (4.80522pt too wide) in paragraph at lines 1542--1542
[]\OT1/cmtt/m/n/12 multi1d<MyStruct> foo;  // array size will be allocated in a
rray reader[] 
 []


Overfull \hbox (66.55525pt too wide) in paragraph at lines 1542--1542
[]\OT1/cmtt/m/n/12 read(xml_in, "/root", foo); // will call user defined read a
bove for each element[] 
 []


Overfull \hbox (48.03024pt too wide) in paragraph at lines 1552--1552
[]\OT1/cmtt/m/n/12 read(xml_in, "/bar/d/elem[2]", dd);  // read second array el
em of d, e.g. d[1][] 
 []


Overfull \hbox (67.12396pt too wide) in paragraph at lines 1559--1571
[]  
 []

[21]
Overfull \hbox (3.11555pt too wide) in paragraph at lines 1633--1646
[]  
 []

[22]
Overfull \hbox (23.33023pt too wide) in paragraph at lines 1661--1661
[]\OT1/cmtt/m/n/12 XMLArrayWriter xml_array(xml_out, 350000);  // Note: a big a
rray size here[] 
 []


Overfull \hbox (41.85524pt too wide) in paragraph at lines 1661--1661
[]  \OT1/cmtt/m/n/12 push(xml_array);  // start next array element - name of ta
g already defined[] 
 []


Overfull \hbox (177.90852pt too wide) in paragraph at lines 1665--1672
\OT1/cmr/m/n/12 Array sizes present a spe-cial prob-lem in IO. How-ever, within
 XML the [][]\OT1/cmtt/m/n/12 read(XMLReader&, string path, multi1d<T>&)
 []


Overfull \hbox (8.38704pt too wide) in paragraph at lines 1665--1672
\OT1/cmr/m/n/12 ar-ray size in the out-put of a [][]\OT1/cmtt/m/n/12 write(XMLW
riter&, string path, const multi1d<T>&)
 []

[23]
Overfull \hbox (35.68024pt too wide) in paragraph at lines 1726--1726
[]\OT1/cmtt/m/n/12 <!-- Considered a structure of simple types, arrays and othe
r structures -->[] 
 []


Underfull \hbox (badness 10000) in paragraph at lines 1803--1803
[]\OT1/cmtt/m/n/12 <a> <elem> <re>1.2</re> <im>2.0</im> </elem> <elem>
 []


Underfull \hbox (badness 10000) in paragraph at lines 1821--1821
[]\OT1/cmtt/m/n/12 <a> <ColorVector> <elem row="0"> <re>0</re> <im>1</im>
 []


Underfull \hbox (badness 10000) in paragraph at lines 1821--1821
\OT1/cmtt/m/n/12 </elem> <elem row="1"> <re>2</re> <im>3</im> </elem> ...
 []


Underfull \hbox (badness 10000) in paragraph at lines 1839--1839
[]\OT1/cmtt/m/n/12 <a> <ColorMatrix> <elem row="0" col="0"> <re>0</re>
 []


Underfull \hbox (badness 10000) in paragraph at lines 1839--1839
\OT1/cmtt/m/n/12 <im>1</im> </elem> <elem row="1" col="0"> <re>2</re>
 []


Underfull \hbox (badness 10000) in paragraph at lines 1857--1857
[]\OT1/cmtt/m/n/12 <a> <SpinMatrix> <elem row="0" col="0"> <ColorMatrix>
 []


Underfull \hbox (badness 10000) in paragraph at lines 1857--1857
\OT1/cmtt/m/n/12 <elem row="0" col="0"> <re>0</re> <im>1</im> </elem> ...
 []


Underfull \hbox (badness 10000) in paragraph at lines 1871--1871
[]\OT1/cmtt/m/n/12 <a> <OLattice> <elem site="0">\OT1/cmtt/m/it/12 Type \OT1/cm
tt/m/n/12 </elem> <elem
 []


Underfull \hbox (badness 10000) in paragraph at lines 1885--1885
[]\OT1/cmtt/m/n/12 <a> <OLattice> <elem site="0">1 </elem> <elem site="1">2
 []


Underfull \hbox (badness 10000) in paragraph at lines 1903--1903
[]\OT1/cmtt/m/n/12 <a> <OLattice> <elem site="0"> <ColorVector> <elem
 []


Underfull \hbox (badness 10000) in paragraph at lines 1903--1903
\OT1/cmtt/m/n/12 row="0"> <re>1</re> <im>2</im> </elem> ... </ColorVector>
 []


Overfull \hbox (54.86784pt too wide) in paragraph at lines 1745--1908
[]  
 []

[24] [25]
Overfull \hbox (19.76552pt too wide) in paragraph at lines 1922--1936
[]  
 []


Overfull \hbox (20.76564pt too wide) in paragraph at lines 1941--1949
[]  
 []


Overfull \hbox (16.74478pt too wide) in paragraph at lines 1954--1965
[]  
 []


Overfull \hbox (1.83633pt too wide) in paragraph at lines 1970--1984
[]  
 []


Overfull \hbox (5.68663pt too wide) in paragraph at lines 1988--1996
[]  
 []


Overfull \hbox (32.71135pt too wide) in paragraph at lines 2000--2016
[]  
 []

[26]
Overfull \hbox (37.7724pt too wide) in paragraph at lines 2068--2068
[]\OT1/cmtt/m/n/10.95 write(out, a);     // will write an int=a.size() along wi
th a.size() Real elements[] 
 []


Overfull \hbox (32.02371pt too wide) in paragraph at lines 2068--2068
[]\OT1/cmtt/m/n/10.95 read(in, a);  // reads an int=a.size(), a is resized, and
 reads a.size() elements[] 
 []

[27] [28]
Overfull \hbox (14.80388pt too wide) in paragraph at lines 2112--2118
\OT1/cmr/m/n/12 field con-fig-u-ra-tion. Each record would map to a sin-gle fie
ld of type [][]\OT1/cmtt/m/n/12 LatticeColorVector[]\OT1/cmr/m/n/12 .
 []

[29] [30]
Overfull \hbox (26.40057pt too wide) in paragraph at lines 2204--2228
[]  
 []


Overfull \hbox (9.23375pt too wide) in paragraph at lines 2261--2285
[]  
 []

[31] [32]
Overfull \hbox (54.20525pt too wide) in paragraph at lines 2374--2374
[]\OT1/cmtt/m/n/12 typedef OLattice<PScalar<ColorMatrix<Complex<float>, Nc> > >
 LatticeColorMatrix[] 
 []


Overfull \hbox (66.55525pt too wide) in paragraph at lines 2374--2374
[]\OT1/cmtt/m/n/12 typedef OLattice<SpinVector<ColorVector<Complex<float>, Nc>,
 Ns> > LatticeFermion[] 
 []


Overfull \hbox (66.55525pt too wide) in paragraph at lines 2381--2381
[]\OT1/cmtt/m/n/12 typedef OLattice<PScalar<ColorMatrix<Complex<float>, NN> > >
 LatticeColorMatrix17[] 
 []

[33] [34] [35]
Overfull \hbox (33.83508pt too wide) in paragraph at lines 2528--2534
[]  
 []

[36]
Overfull \hbox (23.33023pt too wide) in paragraph at lines 2593--2593
[]\OT1/cmtt/m/n/12 where(bool,arg1,arg2) : the C trinary "?" operator -> (bool)
 ? arg1 : arg2[] 
 []


Overfull \hbox (36.74895pt too wide) in paragraph at lines 2658--2663
[]  
 []

[37]
Overfull \hbox (5.87393pt too wide) in paragraph at lines 2674--2678
[]  
 []


Overfull \hbox (36.74895pt too wide) in paragraph at lines 2686--2694
[]  
 []


Overfull \hbox (129.374pt too wide) in paragraph at lines 2728--2741
[]  
 []

[38] [39]
Overfull \hbox (32.02371pt too wide) in paragraph at lines 2841--2841
[]\OT1/cmtt/m/n/10.95 typedef OLattice<PScalar<PColorMatrix<RComplex<float>, Nc
> > > LatticeColorMatrix[] 
 []


Overfull \hbox (49.26978pt too wide) in paragraph at lines 2841--2841
[]\OT1/cmtt/m/n/10.95 typedef OLattice<PSpinVector<PColorVector<RComplex<float>
, Nc>, Ns> > LatticeFermion[] 
 []

[40]
Overfull \hbox (26.41678pt too wide) in paragraph at lines 2872--2885
[]  
 []


Underfull \hbox (badness 3407) in paragraph at lines 2899--2901
[]\OT1/cmtt/m/n/12 real\OT1/cmr/m/n/12 , \OT1/cmtt/m/n/12 imag\OT1/cmr/m/n/12 ,
 \OT1/cmtt/m/n/12 timesI\OT1/cmr/m/n/12 , \OT1/cmtt/m/n/12 localNorm2\OT1/cmr/m
/n/12 , \OT1/cmtt/m/n/12 cmplx\OT1/cmr/m/n/12 , \OT1/cmtt/m/n/12 localInnerProd
uct\OT1/cmr/m/n/12 ,
 []


Overfull \hbox (26.41678pt too wide) in paragraph at lines 2890--2905
[]  
 []

[41] [42] [43]
Overfull \hbox (55.15617pt too wide) in paragraph at lines 3122--3133
[]  
 []


Overfull \hbox (48.98117pt too wide) in paragraph at lines 3137--3148
[]  
 []

[44] [45] [46] [47] [48]
Overfull \hbox (0.29527pt too wide) in paragraph at lines 3585--3598
[]  
 []

[49]
Overfull \hbox (32.1852pt too wide) in paragraph at lines 3666--3675
[]  
 []

[50]
Overfull \hbox (0.76051pt too wide) in paragraph at lines 3713--3724
[]  
 []

[51]
Overfull \hbox (3.01929pt too wide) in paragraph at lines 3808--3817
[]  
 []

[52] [53] [54] (./manual.aux) ) 
Here is how much of TeX's memory you used:
 551 strings out of 478268
 9340 string characters out of 5846348
 314229 words of memory out of 5000000
 18821 multiletter control sequences out of 15000+600000
 477933 words of font info for 58 fonts, out of 8000000 for 9000
 1141 hyphenation exceptions out of 8191
 33i,13n,38p,175b,312s stack positions out of 10000i,1000n,20000p,200000b,200000s
{/usr/local/texlive/2022/texmf-dist/fonts/enc/dv
ips/cm-super/cm-super-ts1.enc}</usr/local/texlive/2022/texmf-dist/fonts/type1/p
ublic/amsfonts/cm/cmbx12.pfb></usr/local/texlive/2022/texmf-dist/fonts/type1/pu
blic/amsfonts/cm/cmbxti10.pfb></usr/local/texlive/2022/texmf-dist/fonts/type1/p
ublic/amsfonts/cm/cmex10.pfb></usr/local/texlive/2022/texmf-dist/fonts/type1/pu
blic/amsfonts/cm/cmitt10.pfb></usr/local/texlive/2022/texmf-dist/fonts/type1/pu
blic/amsfonts/cm/cmmi12.pfb></usr/local/texlive/2022/texmf-dist/fonts/type1/pub
lic/amsfonts/cm/cmmi6.pfb></usr/local/texlive/2022/texmf-dist/fonts/type1/publi
c/amsfonts/cm/cmmi8.pfb></usr/local/texlive/2022/texmf-dist/fonts/type1/public/
amsfonts/cm/cmr12.pfb></usr/local/texlive/2022/texmf-dist/fonts/type1/public/am
sfonts/cm/cmr17.pfb></usr/local/texlive/2022/texmf-dist/fonts/type1/public/amsf
onts/cm/cmr6.pfb></usr/local/texlive/2022/texmf-dist/fonts/type1/public/amsfont
s/cm/cmr8.pfb></usr/local/texlive/2022/texmf-dist/fonts/type1/public/amsfonts/c
m/cmsy10.pfb></usr/local/texlive/2022/texmf-dist/fonts/type1/public/amsfonts/cm
/cmsy6.pfb></usr/local/texlive/2022/texmf-dist/fonts/type1/public/amsfonts/cm/c
msy8.pfb></usr/local/texlive/2022/texmf-dist/fonts/type1/public/amsfonts/cm/cmt
i12.pfb></usr/local/texlive/2022/texmf-dist/fonts/type1/public/amsfonts/cm/cmtt
10.pfb></usr/local/texlive/2022/texmf-dist/fonts/type1/public/amsfonts/cm/cmtt1
2.pfb></usr/local/texlive/2022/texmf-dist/fonts/type1/public/cm-super/sfrm1200.
pfb>
Output written on manual.pdf (54 pages, 318596 bytes).
PDF statistics:
 270 PDF objects out of 1000 (max. 8388607)
 176 compressed objects within 2 object streams
 0 named destinations out of 1000 (max. 500000)
 1 words of extra memory for PDF output out of 10000 (max. 10000000)

